
> backend-exam@1.0.0 test
> jest

  console.log
    Γ£à Connected to MongoDB successfully

      at log (src/index.js:20:25)

node.exe : PASS 
src/tests/api.test.js 
(13.981 s)
At line:1 char:1
+ & "C:\Program Files\
nodejs/node.exe" 
"C:\Program 
Files\nodejs/node_mo 
...
+ ~~~~~~~~~~~~~~~~~~~~
~~~~~~~~~~~~~~~~~~~~~~
~~~~~~~~~~~~~~~~~~~~~~
~~~~~
    + CategoryInfo    
          : NotSpeci  
  fied: (PASS src/t   
 ests/api.test.js     
(13.981 s):String    
) [], RemoteExcep    
tion
    + FullyQualifiedE 
   rrorId : NativeCo  
  mmandError
 
  Library API Unit 
Tests (10 Cases)
    ΓêÜ (1) POST 
/register - Should 
register a new user 
(4261 ms)
    ΓêÜ (2) POST 
/register - Should 
fail for duplicate 
username (175 ms)
    ΓêÜ (3) POST 
/login - Should login 
successfully (339 ms)
    ΓêÜ (4) POST 
/login - Should fail 
with wrong password 
(77 ms)
    ΓêÜ (5) POST 
/books - Should 
create a new book (73 
ms)
    ΓêÜ (6) GET 
/books - Should 
return all books (229 
ms)
    ΓêÜ (7) POST 
/borrow - Should 
borrow a book 
successfully (321 ms)
    ΓêÜ (8) POST 
/borrow - Should fail 
when book is out of 
stock (38 ms)
    ΓêÜ (9) POST 
/return - Should 
return a book 
successfully (110 ms)
    ΓêÜ (10) POST 
/return - Should fail 
if already returned 
(44 ms)

Test Suites: 1 
passed, 1 total
Tests:       10 
passed, 10 total
Snapshots:   0 total
Time:        14.588 
s, estimated 15 s
Ran all test suites.
